{
    "durations": [
        [
            0,
            251.5,
            384.5
        ],
        [
            258.2,
            0,
            363.5
        ],
        [
            458.2,
            413.4,
            0
        ]
    ],
    "distances": [],
    "sources": [
        {
            "nodes": [],
            "name": "Friedrichstra\u00DFe",
            "location": [
                13.388798,
                52.517033
            ],
            "distance": 4.231666,
            "hint": "qqDXgYYvApMYAAAAJgAAAAAAAAAAAAAASjFaQU1xpUEAAAAAAAAAAAwAAAATAAAAAAAAAAAAAADXFgEA_kvMAKlYIQM8TMwArVghAwAA7wp2gVsJ"
        },
        {
            "nodes": [],
            "name": "Torstra\u00DFe",
            "location": [
                13.397631,
                52.529432
            ],
            "distance": 2.789393,
            "hint": "IkJKgCy_9JIGAAAACgAAAAAAAAB2AAAAW7-PQOKcyEAAAAAApq6DQgYAAAAKAAAAAAAAAHYAAADXFgEAf27MABiJIQOCbswA_4ghAwAAXwV2gVsJ"
        },
        {
            "nodes": [],
            "name": "Platz der Vereinten Nationen",
            "location": [
                13.428554,
                52.523239
            ],
            "distance": 2.226595,
            "hint": "JUJKgP___38fAAAAUQAAACYAAAAeAAAAsowKQkpQX0Lx6yZCvsQGQh8AAABRAAAAJgAAAB4AAADXFgEASufMAOdwIQNL58wA03AhAwMAvxB2gVsJ"
        }
    ],
    "destinations": [
        {
            "nodes": [],
            "name": "Friedrichstra\u00DFe",
            "location": [
                13.388798,
                52.517033
            ],
            "distance": 4.231666,
            "hint": "qqDXgYYvApMYAAAAJgAAAAAAAAAAAAAASjFaQU1xpUEAAAAAAAAAAAwAAAATAAAAAAAAAAAAAADXFgEA_kvMAKlYIQM8TMwArVghAwAA7wp2gVsJ"
        },
        {
            "nodes": [],
            "name": "Torstra\u00DFe",
            "location": [
                13.397631,
                52.529432
            ],
            "distance": 2.789393,
            "hint": "IkJKgCy_9JIGAAAACgAAAAAAAAB2AAAAW7-PQOKcyEAAAAAApq6DQgYAAAAKAAAAAAAAAHYAAADXFgEAf27MABiJIQOCbswA_4ghAwAAXwV2gVsJ"
        },
        {
            "nodes": [],
            "name": "Platz der Vereinten Nationen",
            "location": [
                13.428554,
                52.523239
            ],
            "distance": 2.226595,
            "hint": "JUJKgP___38fAAAAUQAAACYAAAAeAAAAsowKQkpQX0Lx6yZCvsQGQh8AAABRAAAAJgAAAB4AAADXFgEASufMAOdwIQNL58wA03AhAwMAvxB2gVsJ"
        }
    ],
    "fallback_speed_cells": [],
    "code": "Ok",
    "message": null
}