{
    "waypoints": [
        {
            "nodes": [],
            "name": "Friedrichstra\u00DFe",
            "location": [
                13.388798,
                52.517036
            ],
            "distance": 4.231666,
            "hint": "qqDXgYYvApMXAAAAJwAAAAAAAAAAAAAAMOBUQfAZqEEAAAAAAAAAAAsAAAAUAAAAAAAAAAAAAADXFgEA_kvMAKxYIQM8TMwAsFghAwAA7wp2gVsJ"
        },
        {
            "nodes": [],
            "name": "Torstra\u00DFe",
            "location": [
                13.397627,
                52.529432
            ],
            "distance": 2.45657,
            "hint": "IkJKgCy_9JIGAAAACgAAAAAAAAB2AAAAzRWHQJFE0UAAAAAApq6DQgYAAAAKAAAAAAAAAHYAAADXFgEAe27MABiJIQN-bswAAokhAwAAXwV2gVsJ"
        },
        {
            "nodes": [],
            "name": "Platz der Vereinten Nationen",
            "location": [
                13.428549,
                52.523239
            ],
            "distance": 2.115372,
            "hint": "JUJKgP___38fAAAAUQAAACYAAAAeAAAA_-cLQgD1XULx6yZCvsQGQh8AAABRAAAAJgAAAB4AAADXFgEARefMAOdwIQNG58wA1HAhAwMAvxB2gVsJ"
        }
    ],
    "routes": [
        {
            "distance": 4723.9,
            "duration": 614.9,
            "geometry": null,
            "weight": 616.1,
            "weight_name": "routability",
            "legs": [
                {
                    "distance": 1884.2,
                    "duration": 251.4,
                    "weight": 252.6,
                    "summary": "",
                    "steps": [],
                    "annotations": null
                },
                {
                    "distance": 2839.7,
                    "duration": 363.5,
                    "weight": 363.5,
                    "summary": "",
                    "steps": [],
                    "annotations": null
                }
            ]
        }
    ],
    "code": "Ok",
    "message": null
}