{
    "waypoints": [
        {
            "nodes": [],
            "name": "Friedrichstra\u00DFe",
            "location": [
                13.388798,
                52.517033
            ],
            "distance": 4.231666,
            "hint": "qqDXgYYvApMYAAAAJgAAAAAAAAAAAAAASjFaQU1xpUEAAAAAAAAAAAwAAAATAAAAAAAAAAAAAADXFgEA_kvMAKlYIQM8TMwArVghAwAA7wp2gVsJ"
        },
        {
            "nodes": [],
            "name": "Torstra\u00DFe",
            "location": [
                13.397631,
                52.529432
            ],
            "distance": 2.789393,
            "hint": "IkJKgCy_9JIGAAAACgAAAAAAAAB2AAAAW7-PQOKcyEAAAAAApq6DQgYAAAAKAAAAAAAAAHYAAADXFgEAf27MABiJIQOCbswA_4ghAwAAXwV2gVsJ"
        }
    ],
    "routes": [
        {
            "distance": 1884.8,
            "duration": 251.5,
            "geometry": {
                "coordinates": [
                    [
                        13.388798,
                        52.517033
                    ],
                    [
                        13.388625,
                        52.518883
                    ],
                    [
                        13.387885,
                        52.522526
                    ],
                    [
                        13.387215,
                        52.527164
                    ],
                    [
                        13.393668,
                        52.528492
                    ],
                    [
                        13.397631,
                        52.52943
                    ]
                ]
            },
            "weight": 252.7,
            "weight_name": "routability",
            "legs": [
                {
                    "distance": 1884.8,
                    "duration": 251.5,
                    "weight": 252.7,
                    "summary": "",
                    "steps": [],
                    "annotations": null
                }
            ]
        }
    ],
    "code": "Ok",
    "message": null
}